out 0 00000000000000000000000000000010 00000002 2
out 1 00000000000000000000000000000011 00000003 3
out 2 00000000000000000000000000000101 00000005 5
out 3 00000000000000000000000000000111 00000007 7
out 4 00000000000000000000000000001011 0000000b 11
out 5 00000000000000000000000000001101 0000000d 13
out 6 00000000000000000000000000010001 00000011 17
out 7 00000000000000000000000000010011 00000013 19
out 8 00000000000000000000000000010111 00000017 23
out 9 00000000000000000000000000011101 0000001d 29
out 10 00000000000000000000000000011111 0000001f 31
