out.s 0 01000000100001100110011001100101 4.199999
