out 0 00000000000000000000000000010110 00000016 22
out 1 00000000000000000000001111101000 000003e8 1000
out 2 00000000000000000000010011010010 000004d2 1234
out 3 00000000000000000000001111101000 000003e8 1000
out 4 00000000000000000000010011010010 000004d2 1234
out 5 00000000000000000000000001111011 0000007b 123
out 6 00000000000000000000000001111101 0000007d 125
out 7 00000000000000000000000001111010 0000007a 122
out 8 00000000000000000000000001110001 00000071 113
out 9 00000000000000000000000000010111 00000017 23
out 10 11111111111111111111110000011000 fffffc18 4294966296
out 11 11111111111111111111100000110000 fffff830 4294965296
out 12 00000000000000000000011111010000 000007d0 2000
