out.s 0 01000010111101101110100101111000 123.455994
out.s 1 00111101111110111110011101101100 0.123000
