out 0 00000000000000000000000000000011 00000003 3
out 1 00000000000000000000000000011011 0000001b 27
out 2 00000000000000000000000001111011 0000007b 123
out 3 00000000000000000000000110111100 000001bc 444
out 4 00000000000000000000000011011110 000000de 222
out 5 00000000000000000000000101001101 0000014d 333
out 6 00000000000000000000000000000111 00000007 7
out 7 00000000000000000000000000100011 00000023 35
out 8 00000000000000000000000000101111 0000002f 47
out 9 00000000000000000000000000010110 00000016 22
out 10 00000000000000000000000000101111 0000002f 47
out 11 00000000000000000000000000010110 00000016 22
