out 0 00000000000000000000010001010111 00000457 1111
out 1 00000000000000000000000011011110 000000de 222
out 2 00000000000000111100001101110010 0003c372 246642
