out 0 00000000000000000000000000000101 00000005 5
out 1 00000000000000000000000000000100 00000004 4
out 2 00000000000000000000000000000011 00000003 3
out 3 00000000000000000000000000000010 00000002 2
out 4 00000000000000000000000000000001 00000001 1
out 5 00000000000000000000000000000000 00000000 0
