out 0 00000000000000000000000000000001 00000001 1
out 1 00000000000000000000000000000000 00000000 0
out 2 00000000000000000000000000000000 00000000 0
out 3 00000000000000000000000000000000 00000000 0
out 4 00000000000000000000000000000001 00000001 1
out 5 00000000000000000000000000000000 00000000 0
out 6 00000000000000000000000000000000 00000000 0
out 7 00000000000000000000000000000101 00000005 5
out 8 00000000000000000000000000000101 00000005 5
out 9 00000000000000000000000000001010 0000000a 10
out 10 00000000000000000000000000010100 00000014 20
out 11 00000000000000000000000000101000 00000028 40
out 12 00000000000000000000000001001001 00000049 73
out 13 00000000000000000000000001001001 00000049 73
out 14 00000000000000000000000000100100 00000024 36
out 15 00000000000000000000000000010010 00000012 18
out 16 00000000000000000000000000001001 00000009 9
