out 0 00000000000000000000000000010000 00000010 16