out.s 0 01000000110001110111110011101101 6.234000
out.s 1 11000000011100010000011000100110 -3.766000
out.s 2 11000101011010110110000000000000 -3766.000000
out.s 3 01000100011110011110000000000000 999.500000
out.s 4 01000000110001010111000010100011 6.170000
out.s 5 11000000110001010111000010100011 -6.170000
out.s 6 11001010101111000100101100100000 -6170000.000000
out.s 7 11000011111110100000000000000000 -500.000000
