out 0 00000000000000000000000001111011 0000007b 123
out 1 00000000000000000000011111010000 000007d0 2000
out 2 00000000000000000000001111101000 000003e8 1000
out 3 11111111111111111111110000011000 fffffc18 4294966296
out 4 00000000000000000000011111010000 000007d0 2000
out 5 11111111111111111111100000110000 fffff830 4294965296
out 6 00000001000000000000000001111011 0100007b 16777339
out 7 00000000101111000110000101001110 00bc614e 12345678
out 8 00000111010110111100110100010101 075bcd15 123456789
out 9 01001001100101100000001011010011 499602d3 1234567891
out 10 10001011110100000011100001000000 8bd03840 2345678912
out 11 11001110000010100110101010000011 ce0a6a83 3456789123
out.s 12 11000000001000000000000000000000 -2.500000
out.s 13 00111111100111010111000010100011 1.230000
out.s 14 01000010111101101110100101111000 123.455994
out.s 15 00111001000000010111001111110111 0.000123
