out 0 00000000000000000000000001111011 0000007b 123
out 1 00000000000000000000001010111100 0000007b 700
out 2 00000000000000000000000001111011 0000007b 123
out 3 00000000000000000000000001101111 0000006f 111
out 4 00000000000000000000000001111011 0000007b 123
out 5 00000000000000000000000001101111 0000006f 111
out 6 00000000000000000000000001101111 0000006f 111
out 7 00000000000000000000000011011110 000000de 222
out 8 00000000000000000000000110111100 000001bc 444
out 9 00000000000000000000000001111011 0000007b 123
out 10 00000000000000000000000011011110 000000de 222
out 11 00000000000000000000000001101111 0000006f 111
out 12 00000000000000000000000011011110 000000de 222
